[iteck-html.themescamp.com/index.html]
[backblue.gif]
[fade.gif]
[index.html]
[iteck-html.themescamp.com/assets/img/fav.png]
[cdnjs.cloudflare.com/ajax/libs/bootstrap-icons/1.10.5/font/bootstrap-icons.min.css]
[iteck-html.themescamp.com/assets/css/lib/bootstrap.min.css]
[iteck-html.themescamp.com/assets/css/lib/all.min.css]
[iteck-html.themescamp.com/assets/css/lib/animate.css]
[iteck-html.themescamp.com/assets/css/lib/jquery.fancybox.css]
[iteck-html.themescamp.com/assets/css/lib/lity.css]
[iteck-html.themescamp.com/assets/css/lib/swiper.min.css]
[iteck-html.themescamp.com/landing-preview/css/preview-style.css]
[iteck-html.themescamp.com/assets/css/style.css]
[iteck-html.themescamp.com/assets/img/logo_loading.png]
[iteck-html.themescamp.com/assets/img/logo_cd.png]
[iteck-html.themescamp.com/home-app-landing.html]
[iteck-html.themescamp.com/home-data-analysis.html]
[iteck-html.themescamp.com/home-digital-agency.html]
[iteck-html.themescamp.com/home-marketing-startup.html]
[iteck-html.themescamp.com/home-saas-technology.html]
[iteck-html.themescamp.com/home-it-solutions.html]
[iteck-html.themescamp.com/page-shop-5.html]
[iteck-html.themescamp.com/home-app-landing-onePage.html]
[iteck-html.themescamp.com/home-digital-agency-onePage.html]
[iteck-html.themescamp.com/home-marketing-startup-onePage.html]
[iteck-html.themescamp.com/home-saas-technology-onePage.html]
[iteck-html.themescamp.com/home-it-solutions-onePage.html]
[iteck-html.themescamp.com/page-shop-app.html]
[iteck-html.themescamp.com/rtl-home-marketing-startup.html]
[iteck-html.themescamp.com/rtl-home-software-company.html]
[iteck-html.themescamp.com/rtl-home-app-landing-onePage.html]
[iteck-html.themescamp.com/rtl-home-marketing-startup-onePage.html]
[iteck-html.themescamp.com/rtl-page-shop.html]
[iteck-html.themescamp.com/page-about-app.html]
[iteck-html.themescamp.com/page-services-app.html]
[iteck-html.themescamp.com/page-contact-app.html]
[iteck-html.themescamp.com/page-product-app.html]
[iteck-html.themescamp.com/page-about-5.html]
[iteck-html.themescamp.com/page-services-5.html]
[iteck-html.themescamp.com/page-contact-5.html]
[iteck-html.themescamp.com/page-product-5.html]
[iteck-html.themescamp.com/rtl-page-about.html]
[iteck-html.themescamp.com/rtl-page-services.html]
[iteck-html.themescamp.com/rtl-page-contact.html]
[iteck-html.themescamp.com/rtl-page-product.html]
[iteck-html.themescamp.com/page-blog-5.html]
[iteck-html.themescamp.com/page-blog-5-left-sidebar.html]
[iteck-html.themescamp.com/page-blog-5-wide.html]
[iteck-html.themescamp.com/page-blog-app.html]
[iteck-html.themescamp.com/page-blog-app-left-sidebar.html]
[iteck-html.themescamp.com/page-blog-app-wide.html]
[iteck-html.themescamp.com/rtl-page-blog.html]
[iteck-html.themescamp.com/page-single-post-5.html]
[iteck-html.themescamp.com/page-single-post-5-left-sidebar.html]
[iteck-html.themescamp.com/page-single-post-5-wide.html]
[iteck-html.themescamp.com/page-single-post-app.html]
[iteck-html.themescamp.com/page-single-post-app-left-sidebar.html]
[iteck-html.themescamp.com/page-single-post-app-wide.html]
[iteck-html.themescamp.com/rtl-page-single-post.html]
[iteck-html.themescamp.com/page-portfolio-5.html]
[iteck-html.themescamp.com/page-single-project-5.html]
[iteck-html.themescamp.com/page-portfolio-app.html]
[iteck-html.themescamp.com/page-single-project-app.html]
[iteck-html.themescamp.com/rtl-page-portfolio.html]
[iteck-html.themescamp.com/landing-preview/img/circle.png]
[iteck-html.themescamp.com/landing-preview/img/header/1.jpg]
[iteck-html.themescamp.com/landing-preview/img/header/4.jpg]
[iteck-html.themescamp.com/landing-preview/img/header/8.jpg]
[iteck-html.themescamp.com/landing-preview/img/header/11.jpg]
[iteck-html.themescamp.com/landing-preview/img/header/5.jpg]
[iteck-html.themescamp.com/landing-preview/img/header/mob.png]
[iteck-html.themescamp.com/landing-preview/img/demos/1_1.png]
[iteck-html.themescamp.com/landing-preview/img/demos/2_2.png]
[iteck-html.themescamp.com/landing-preview/img/demos/3_3.png]
[iteck-html.themescamp.com/landing-preview/img/demos/4_4.png]
[iteck-html.themescamp.com/home-software-company.html]
[iteck-html.themescamp.com/landing-preview/img/demos/5_5.png]
[iteck-html.themescamp.com/landing-preview/img/demos/6_6.png]
[iteck-html.themescamp.com/home-it-solutions2.html]
[iteck-html.themescamp.com/landing-preview/img/demos/7_7.png]
[iteck-html.themescamp.com/landing-preview/img/demos/8_8.png]
[iteck-html.themescamp.com/home-cloud-hosting.html]
[iteck-html.themescamp.com/landing-preview/img/demos/9_9.png]
[iteck-html.themescamp.com/home-cyber-security.html]
[iteck-html.themescamp.com/landing-preview/img/demos/10.jpg]
[iteck-html.themescamp.com/home-help-desk.html]
[iteck-html.themescamp.com/landing-preview/img/demos/11.jpg]
[iteck-html.themescamp.com/home-nft-marketplace.html]
[iteck-html.themescamp.com/landing-preview/img/demos/13.jpg]
[iteck-html.themescamp.com/home-freelance-personal.html]
[iteck-html.themescamp.com/landing-preview/img/demos/14.jpg]
[iteck-html.themescamp.com/home-payment-solutions.html]
[iteck-html.themescamp.com/landing-preview/img/demos/15.jpg]
[iteck-html.themescamp.com/home-crypto.html]
[iteck-html.themescamp.com/landing-preview/img/demos/16.jpg]
[iteck-html.themescamp.com/home-shop-modern.html]
[iteck-html.themescamp.com/landing-preview/img/demos/12.png]
[iteck-html.themescamp.com/landing-preview/img/demos/7.jpg]
[iteck-html.themescamp.com/landing-preview/img/demos/8.jpg]
[iteck-html.themescamp.com/landing-preview/img/inner_pages/about.png]
[iteck-html.themescamp.com/page-about-2.html]
[iteck-html.themescamp.com/landing-preview/img/inner_pages/about2.png]
[iteck-html.themescamp.com/landing-preview/img/inner_pages/about_app.png]
[iteck-html.themescamp.com/landing-preview/img/inner_pages/services.png]
[iteck-html.themescamp.com/landing-preview/img/inner_pages/services_app.png]
[iteck-html.themescamp.com/page-services-details-5.html]
[iteck-html.themescamp.com/landing-preview/img/inner_pages/services_details.png]
[iteck-html.themescamp.com/page-careers-5.html]
[iteck-html.themescamp.com/landing-preview/img/inner_pages/career.png]
[iteck-html.themescamp.com/page-career-details.html]
[iteck-html.themescamp.com/landing-preview/img/inner_pages/career_details.png]
[iteck-html.themescamp.com/landing-preview/img/inner_pages/contact.png]
[iteck-html.themescamp.com/landing-preview/img/inner_pages/projects.png]
[iteck-html.themescamp.com/landing-preview/img/inner_pages/single_project.png]
[iteck-html.themescamp.com/page-faq-5.html]
[iteck-html.themescamp.com/landing-preview/img/inner_pages/faq.png]
[iteck-html.themescamp.com/page-sign-in.html]
[iteck-html.themescamp.com/landing-preview/img/inner_pages/login.png]
[iteck-html.themescamp.com/page-comming-soon-5.html]
[iteck-html.themescamp.com/landing-preview/img/inner_pages/comming_soon.png]
[iteck-html.themescamp.com/page-404.html]
[iteck-html.themescamp.com/landing-preview/img/inner_pages/404.png]
[iteck-html.themescamp.com/landing-preview/img/inner_pages/blog_app_left_sidebar.png]
[iteck-html.themescamp.com/landing-preview/img/inner_pages/blog_left_sidebar.png]
[iteck-html.themescamp.com/landing-preview/img/inner_pages/single_post_right_sidebar.png]
[iteck-html.themescamp.com/landing-preview/img/demos/9.jpg]
[iteck-html.themescamp.com/landing-preview/img/demos/0.png]
[iteck-html.themescamp.com/landing-preview/img/b1.png]
[iteck-html.themescamp.com/landing-preview/img/header/2.jpg]
[iteck-html.themescamp.com/landing-preview/img/header/3.jpg]
[iteck-html.themescamp.com/landing-preview/img/header/6.jpg]
[iteck-html.themescamp.com/landing-preview/img/header/7.jpg]
[iteck-html.themescamp.com/landing-preview/img/header/9.jpg]
[iteck-html.themescamp.com/landing-preview/img/header/13.jpg]
[iteck-html.themescamp.com/landing-preview/img/header/12.jpg]
[iteck-html.themescamp.com/landing-preview/img/header/10.jpg]
[iteck-html.themescamp.com/landing-preview/img/header/14.jpg]
[iteck-html.themescamp.com/landing-preview/img/b3.png]
[iteck-html.themescamp.com/landing-preview/img/b2.png]
[iteck-html.themescamp.com/landing-preview/img/quotes.png]
[iteck-html.themescamp.com/landing-preview/img/envato.png]
[iteck-html.themescamp.com/assets/js/lib/jquery-3.0.0.min.js]
[iteck-html.themescamp.com/assets/js/lib/jquery-migrate-3.0.0.min.js]
[iteck-html.themescamp.com/assets/js/lib/bootstrap.bundle.min.js]
[iteck-html.themescamp.com/assets/js/lib/wow.min.js]
[iteck-html.themescamp.com/assets/js/lib/jquery.fancybox.js]
[iteck-html.themescamp.com/assets/js/lib/lity.js]
[iteck-html.themescamp.com/assets/js/lib/swiper.min.js]
[iteck-html.themescamp.com/assets/js/lib/jquery.waypoints.min.js]
[iteck-html.themescamp.com/assets/js/lib/jquery.counterup.js]
[iteck-html.themescamp.com/landing-preview/js/parallax.min.js]
[iteck-html.themescamp.com/landing-preview/js/countdown.js]
[iteck-html.themescamp.com/assets/js/lib/scrollIt.min.js]
[iteck-html.themescamp.com/assets/js/main.js]
[iteck-html.themescamp.com/index.html]
[iteck-html.themescamp.com/landing-preview/js/demo.js]
[cdnjs.cloudflare.com/ajax/libs/bootstrap-icons/1.10.5/font/fonts/bootstrap-iconse52a.woff2]
[cdnjs.cloudflare.com/ajax/libs/bootstrap-icons/1.10.5/font/bootstrap-icons.min.css]
[iteck-html.themescamp.com/assets/css/lib/bootstrap.min.css]
[cdnjs.cloudflare.com/ajax/libs/bootstrap-icons/1.10.5/font/fonts/bootstrap-iconse52a.woff]
[iteck-html.themescamp.com/assets/fonts/webfonts/fa-brands-400.eot]
[iteck-html.themescamp.com/assets/fonts/webfonts/fa-brands-400.woff2]
[iteck-html.themescamp.com/assets/fonts/webfonts/fa-brands-400.woff]
[iteck-html.themescamp.com/assets/fonts/webfonts/fa-brands-400.ttf]
[iteck-html.themescamp.com/assets/fonts/webfonts/fa-brands-400.svg]
[iteck-html.themescamp.com/assets/fonts/webfonts/fa-duotone-900.eot]
[iteck-html.themescamp.com/assets/fonts/webfonts/fa-duotone-900.woff2]
[iteck-html.themescamp.com/assets/fonts/webfonts/fa-duotone-900.woff]
[iteck-html.themescamp.com/assets/fonts/webfonts/fa-duotone-900d41d.eot]
[iteck-html.themescamp.com/assets/fonts/webfonts/fa-duotone-900.ttf]
[iteck-html.themescamp.com/assets/fonts/webfonts/fa-light-300.eot]
[iteck-html.themescamp.com/assets/fonts/webfonts/fa-duotone-900.svg]
[iteck-html.themescamp.com/assets/fonts/webfonts/fa-light-300.woff2]
[iteck-html.themescamp.com/assets/fonts/webfonts/fa-light-300d41d.eot]
[iteck-html.themescamp.com/assets/fonts/webfonts/fa-light-300.woff]
[iteck-html.themescamp.com/assets/fonts/webfonts/fa-light-300.ttf]
[iteck-html.themescamp.com/assets/fonts/webfonts/fa-light-300.svg]
[iteck-html.themescamp.com/assets/fonts/webfonts/fa-regular-400.eot]
[iteck-html.themescamp.com/assets/fonts/webfonts/fa-regular-400.woff2]
[iteck-html.themescamp.com/assets/fonts/webfonts/fa-regular-400.woff]
[iteck-html.themescamp.com/assets/fonts/webfonts/fa-regular-400d41d.eot]
[iteck-html.themescamp.com/assets/fonts/webfonts/fa-regular-400.ttf]
[iteck-html.themescamp.com/assets/fonts/webfonts/fa-solid-900.eot]
[iteck-html.themescamp.com/assets/fonts/webfonts/fa-regular-400.svg]
[iteck-html.themescamp.com/assets/fonts/webfonts/fa-solid-900.woff2]
[iteck-html.themescamp.com/assets/fonts/webfonts/fa-solid-900d41d.eot]
[iteck-html.themescamp.com/assets/fonts/webfonts/fa-solid-900.woff]
[iteck-html.themescamp.com/assets/fonts/webfonts/fa-solid-900.ttf]
[iteck-html.themescamp.com/assets/css/lib/all.min.css]
[iteck-html.themescamp.com/assets/css/lib/animate.css]
[iteck-html.themescamp.com/assets/css/lib/jquery.fancybox.css]
[iteck-html.themescamp.com/assets/css/lib/lity.css]
[iteck-html.themescamp.com/assets/css/lib/swiper.min.css]
[iteck-html.themescamp.com/assets/img/icons/toggle_dot.svg]
[iteck-html.themescamp.com/assets/fonts/webfonts/fa-solid-900.svg]
[iteck-html.themescamp.com/assets/img/section_head/title_shap1.png]
[iteck-html.themescamp.com/assets/img/section_head/title_shap2.png]
[iteck-html.themescamp.com/assets/img/shap_style_6.png]
[iteck-html.themescamp.com/assets/img/top_nav_s4.png]
[iteck-html.themescamp.com/assets/img/icons/nav_icon/active_s4.png]
[iteck-html.themescamp.com/assets/img/icons/star1.png]
[iteck-html.themescamp.com/assets/img/0011.png]
[iteck-html.themescamp.com/assets/img/header/info_h1_line.png]
[iteck-html.themescamp.com/assets/img/header/head3_arrow.png]
[iteck-html.themescamp.com/assets/img/header/header8_pattern.svg]
[iteck-html.themescamp.com/assets/img/header/head9_back.png]
[iteck-html.themescamp.com/assets/img/header/header_11.png]
[iteck-html.themescamp.com/assets/img/header/header_14_back.png]
[iteck-html.themescamp.com/assets/img/header/head_15_back.png]
[iteck-html.themescamp.com/assets/img/header/head_15_pattern.png]
[iteck-html.themescamp.com/assets/img/services_work.png]
[iteck-html.themescamp.com/assets/img/services/serv8_back.png]
[iteck-html.themescamp.com/assets/img/projects/project_13_pattern.png]
[iteck-html.themescamp.com/assets/img/testimonials/testi9_back.png]
[iteck-html.themescamp.com/assets/img/pricing/label_success.png]
[iteck-html.themescamp.com/assets/img/num_back.png]
[iteck-html.themescamp.com/assets/img/feat_15_back.png]
[iteck-html.themescamp.com/assets/img/header/info_h1_line1.png]
[iteck-html.themescamp.com/assets/img/foot_7_pattern.png]
[iteck-html.themescamp.com/assets/img/footer/foot_14_pattern.png]
[iteck-html.themescamp.com/assets/img/inner5_back.png]
[iteck-html.themescamp.com/assets/img/about/about_s4_wave.png]
[iteck-html.themescamp.com/assets/img/banner_back1.png]
[iteck-html.themescamp.com/assets/img/comming_back1.png]
[iteck-html.themescamp.com/assets/css/style.css]
[iteck-html.themescamp.com/landing-preview/img/pattern.png]
[iteck-html.themescamp.com/landing-preview/css/preview-style.css]
[www.googletagmanager.com/gtm5445.html]
[iteck-html.themescamp.com/assets/img/icons/nav_icon/imoj_heart.png]
[iteck-html.themescamp.com/assets/img/logo_lgr.png]
[iteck-html.themescamp.com/index-2.html]
[iteck-html.themescamp.com/assets/img/icons/nav_icon/price.png]
[iteck-html.themescamp.com/assets/img/header/header_4.png]
[iteck-html.themescamp.com/assets/img/header/header_4_bubble.png]
[iteck-html.themescamp.com/assets/img/header/header_4_wave.png]
[iteck-html.themescamp.com/assets/img/logos/1.png]
[iteck-html.themescamp.com/assets/img/logos/2.png]
[iteck-html.themescamp.com/assets/img/logos/3.png]
[iteck-html.themescamp.com/assets/img/logos/4.png]
[iteck-html.themescamp.com/assets/img/logos/5.png]
[iteck-html.themescamp.com/assets/img/logos/6.png]
[iteck-html.themescamp.com/assets/img/icons/fe1.png]
[iteck-html.themescamp.com/assets/img/icons/fe2.png]
[iteck-html.themescamp.com/assets/img/icons/fe3.png]
[iteck-html.themescamp.com/assets/img/icons/fe4.png]
[iteck-html.themescamp.com/assets/img/icons/fe5.png]
[iteck-html.themescamp.com/assets/img/feat_circle.png]
[iteck-html.themescamp.com/assets/img/about/ipad.png]
[iteck-html.themescamp.com/assets/img/about/about_s4_lines.png]
[iteck-html.themescamp.com/assets/img/about/2mobiles.png]
[iteck-html.themescamp.com/assets/img/about/about_s4_bubble2.png]
[iteck-html.themescamp.com/assets/img/about/about_s4_img3.png]
[iteck-html.themescamp.com/assets/img/about/intg1.png]
[iteck-html.themescamp.com/assets/img/about/intg5.png]
[iteck-html.themescamp.com/assets/img/about/intg4.png]
[iteck-html.themescamp.com/assets/img/about/intg3.png]
[iteck-html.themescamp.com/assets/img/about/intg2.png]
[iteck-html.themescamp.com/assets/img/about/intg_back.png]
[iteck-html.themescamp.com/assets/img/screenshots/1.png]
[iteck-html.themescamp.com/assets/img/screenshots/2.png]
[iteck-html.themescamp.com/assets/img/screenshots/3.jpg]
[iteck-html.themescamp.com/assets/img/screenshots/4.png]
[iteck-html.themescamp.com/assets/img/screenshots/5.png]
[iteck-html.themescamp.com/assets/img/screenshots/hand.png]
[iteck-html.themescamp.com/assets/img/icons/testi_s4_ic1.png]
[iteck-html.themescamp.com/assets/img/icons/testi_s4_ic2.png]
[iteck-html.themescamp.com/assets/img/testimonials/user4.png]
[iteck-html.themescamp.com/assets/img/testimonials/user5.png]
[iteck-html.themescamp.com/assets/img/testimonials/user6.png]
[iteck-html.themescamp.com/assets/img/contact_globe.svg]
[iteck-html.themescamp.com/assets/img/icons/price_s4_1.png]
[iteck-html.themescamp.com/assets/img/icons/price_s4_2.png]
[iteck-html.themescamp.com/assets/img/lang.png]
[iteck-html.themescamp.com/assets/img/footer/footer_4_wave.png]
[iteck-html.themescamp.com/home-app-landing.html]
[iteck-html.themescamp.com/assets/css/lib/jquery-ui.min.css]
[iteck-html.themescamp.com/assets/img/logo_home8.png]
[iteck-html.themescamp.com/assets/img/header/3d_vector_head8.svg]
[iteck-html.themescamp.com/assets/img/icons/serv_icons/25.png]
[iteck-html.themescamp.com/assets/img/icons/serv_icons/26.png]
[iteck-html.themescamp.com/assets/img/icons/serv_icons/27.png]
[iteck-html.themescamp.com/assets/img/icons/serv_icons/28.png]
[iteck-html.themescamp.com/assets/img/icons/serv_icons/29.png]
[iteck-html.themescamp.com/assets/img/about/3d_vector2.svg]
[iteck-html.themescamp.com/assets/img/about/icon3.svg]
[iteck-html.themescamp.com/assets/img/testimonials/user7.png]
[iteck-html.themescamp.com/assets/img/about/signature.svg]
[iteck-html.themescamp.com/assets/img/logo_home8_icon.png]
[iteck-html.themescamp.com/assets/img/icons/numbers/1.png]
[iteck-html.themescamp.com/assets/img/icons/numbers/2.png]
[iteck-html.themescamp.com/assets/img/icons/numbers/3.png]
[iteck-html.themescamp.com/assets/img/icons/numbers/4.png]
[iteck-html.themescamp.com/assets/img/icons/numbers/5.png]
[iteck-html.themescamp.com/assets/img/icons/numbers/6.png]
[iteck-html.themescamp.com/assets/img/num8_circle.png]
[iteck-html.themescamp.com/assets/img/icons/numbers/8.png]
[iteck-html.themescamp.com/assets/img/icons/numbers/9.png]
[iteck-html.themescamp.com/assets/img/icons/numbers/10.png]
[iteck-html.themescamp.com/assets/img/icons/numbers/11.png]
[iteck-html.themescamp.com/assets/img/icons/numbers/7.png]
[iteck-html.themescamp.com/assets/img/projects/11.jpg]
[iteck-html.themescamp.com/assets/img/about/about7_chart.png]
[iteck-html.themescamp.com/assets/img/logos/22.png]
[iteck-html.themescamp.com/assets/img/projects/6.png]
[iteck-html.themescamp.com/assets/img/projects/4.png]
[iteck-html.themescamp.com/assets/img/icons/ch7.svg]
[iteck-html.themescamp.com/assets/img/icons/ch8.svg]
[iteck-html.themescamp.com/assets/img/choose_us/3d_vector1.svg]
[iteck-html.themescamp.com/assets/img/icons/qout8.png]
[iteck-html.themescamp.com/assets/img/testimonials/user8.png]
[iteck-html.themescamp.com/assets/img/testimonials/user9.png]
[iteck-html.themescamp.com/assets/img/blog/18.jpg]
[iteck-html.themescamp.com/assets/img/blog/19.jpg]
[iteck-html.themescamp.com/assets/img/blog/20.jpg]
[iteck-html.themescamp.com/assets/img/blog/21.jpg]
[iteck-html.themescamp.com/home-data-analysis.html]
[iteck-html.themescamp.com/assets/js/lib/jquery-ui.min.js]
[iteck-html.themescamp.com/assets/img/header/head.png]
[iteck-html.themescamp.com/assets/img/header/head_shape_r.png]
[iteck-html.themescamp.com/assets/img/about/about_logos/1.png]
[iteck-html.themescamp.com/assets/img/about/about_logos/2.png]
[iteck-html.themescamp.com/assets/img/about/about_logos/3.png]
[iteck-html.themescamp.com/assets/img/about/about_logos/4.png]
[iteck-html.themescamp.com/assets/img/about/about_logos/5.png]
[iteck-html.themescamp.com/assets/img/about/num_shap.png]
[iteck-html.themescamp.com/assets/img/icons/serv_icons/1.png]
[iteck-html.themescamp.com/assets/img/icons/serv_icons/2.png]
[iteck-html.themescamp.com/assets/img/icons/serv_icons/3.png]
[iteck-html.themescamp.com/assets/img/icons/serv_icons/4.png]
[iteck-html.themescamp.com/assets/img/icons/serv_icons/5.png]
[iteck-html.themescamp.com/assets/img/icons/serv_icons/6.png]
[iteck-html.themescamp.com/assets/img/services/ser_shap_l.png]
[iteck-html.themescamp.com/assets/img/services/ser_shap_r.png]
[iteck-html.themescamp.com/assets/img/choose_us/choose_lines.svg]
[iteck-html.themescamp.com/assets/img/choose_us/choose_brands.png]
[iteck-html.themescamp.com/assets/img/choose_us/choose_bubbles.png]
[iteck-html.themescamp.com/assets/img/projects/prog/1.jpg]
[iteck-html.themescamp.com/assets/img/projects/prog/2.png]
[iteck-html.themescamp.com/assets/img/projects/prog/3.jpg]
[iteck-html.themescamp.com/assets/img/projects/prog/shap_r.png]
[iteck-html.themescamp.com/assets/img/projects/prog/shap_l.png]
[iteck-html.themescamp.com/assets/img/testimonials/testi.jpg]
[iteck-html.themescamp.com/assets/img/testimonials/user1.jpg]
[iteck-html.themescamp.com/assets/img/testimonials/user2.jpg]
[iteck-html.themescamp.com/assets/img/testimonials/user3.jpg]
[iteck-html.themescamp.com/assets/img/team/1.jpg]
[iteck-html.themescamp.com/assets/img/team/2.jpg]
[iteck-html.themescamp.com/assets/img/team/3.jpg]
[iteck-html.themescamp.com/assets/img/team/4.jpg]
[iteck-html.themescamp.com/assets/img/team/5.jpg]
[iteck-html.themescamp.com/assets/img/team/team_shap.png]
[iteck-html.themescamp.com/assets/img/blog/1.jpg]
[iteck-html.themescamp.com/assets/img/blog/2.jpg]
[iteck-html.themescamp.com/assets/img/blog/3.jpg]
[iteck-html.themescamp.com/assets/img/blog/4.jpg]
[iteck-html.themescamp.com/assets/img/logo_cl.png]
[iteck-html.themescamp.com/assets/img/footer/foot_l.png]
[iteck-html.themescamp.com/assets/img/footer/foot_r.png]
[iteck-html.themescamp.com/home-digital-agency.html]
[iteck-html.themescamp.com/assets/img/logo_home6.png]
[iteck-html.themescamp.com/assets/img/header/hand_megaphone.png]
[iteck-html.themescamp.com/assets/img/header/target_3d.png]
[iteck-html.themescamp.com/assets/img/header/header5_linechart.png]
[iteck-html.themescamp.com/assets/img/header/rocket.png]
[iteck-html.themescamp.com/assets/img/about/superman_3d.png]
[iteck-html.themescamp.com/assets/img/about/about_s6_bubbles.png]
[iteck-html.themescamp.com/assets/img/icons/serv_icons/16.png]
[iteck-html.themescamp.com/assets/img/icons/serv_icons/15.png]
[iteck-html.themescamp.com/assets/img/icons/serv_icons/14.png]
[iteck-html.themescamp.com/assets/img/icons/serv_icons/17.png]
[iteck-html.themescamp.com/assets/img/icons/serv_icons/18.png]
[iteck-html.themescamp.com/assets/img/icons/serv_icons/19.png]
[iteck-html.themescamp.com/assets/img/icons/serv_icons/20.png]
[iteck-html.themescamp.com/assets/img/projects/5.png]
[iteck-html.themescamp.com/assets/img/projects/7.png]
[iteck-html.themescamp.com/assets/img/choose_us/man_arrow.png]
[iteck-html.themescamp.com/assets/img/icons/ch4.png]
[iteck-html.themescamp.com/assets/img/icons/ch5.png]
[iteck-html.themescamp.com/assets/img/icons/ch6.png]
[iteck-html.themescamp.com/assets/img/testimonials/users_6.png]
[iteck-html.themescamp.com/assets/img/testimonials/bubbls.png]
[iteck-html.themescamp.com/assets/img/logos/8.png]
[iteck-html.themescamp.com/assets/img/logos/9.png]
[iteck-html.themescamp.com/assets/img/logos/10.png]
[iteck-html.themescamp.com/assets/img/logos/11.png]
[iteck-html.themescamp.com/assets/img/logos/12.png]
[iteck-html.themescamp.com/assets/img/logos/13.png]
[iteck-html.themescamp.com/assets/img/logos/14.png]
[iteck-html.themescamp.com/assets/img/logos/15.png]
[iteck-html.themescamp.com/assets/img/logos/16.png]
[iteck-html.themescamp.com/assets/img/blog/9.png]
[iteck-html.themescamp.com/assets/img/blog/10.png]
[iteck-html.themescamp.com/assets/img/blog/11.png]
[iteck-html.themescamp.com/assets/img/icons/contact_message.png]
[iteck-html.themescamp.com/twiter.com]
[iteck-html.themescamp.com/facebook.com]
[iteck-html.themescamp.com/instagram.com]
[iteck-html.themescamp.com/home-marketing-startup.html]
[iteck-html.themescamp.com/assets/img/logo_home5.png]
[iteck-html.themescamp.com/assets/img/header/head5_line.png]
[iteck-html.themescamp.com/assets/img/header/head5_pen.png]
[iteck-html.themescamp.com/assets/img/header/header5_page.png]
[iteck-html.themescamp.com/assets/img/header/header5_piechart.png]
[iteck-html.themescamp.com/assets/img/header/header5_handl.png]
[iteck-html.themescamp.com/assets/img/header/header5_handr.png]
[iteck-html.themescamp.com/assets/img/icons/code3d.png]
[iteck-html.themescamp.com/assets/img/icons/price3d.png]
[iteck-html.themescamp.com/assets/img/icons/message3d.png]
[iteck-html.themescamp.com/assets/img/about/about_s5_1_1.png]
[iteck-html.themescamp.com/assets/img/about/about_s5_1_2.png]
[iteck-html.themescamp.com/assets/img/about/about_s5_1_3.png]
[iteck-html.themescamp.com/assets/img/about/about_s5_1_4.png]
[iteck-html.themescamp.com/assets/img/about/about_s5_1_5.png]
[iteck-html.themescamp.com/assets/img/about/about_s5_2_1.png]
[iteck-html.themescamp.com/assets/img/about/about_s5_2_2.png]
[iteck-html.themescamp.com/assets/img/about/owners.png]
[iteck-html.themescamp.com/assets/img/about/about_s5_3_1.png]
[iteck-html.themescamp.com/assets/img/about/about_s5_3_2.png]
[iteck-html.themescamp.com/assets/img/about/about_s5_3_3.png]
[iteck-html.themescamp.com/assets/img/about/about_s5_3_4.png]
[iteck-html.themescamp.com/assets/img/about/about_s5_3_5.png]
[iteck-html.themescamp.com/assets/img/logos/17.png]
[iteck-html.themescamp.com/assets/img/icons/features/1.png]
[iteck-html.themescamp.com/assets/img/icons/features/2.png]
[iteck-html.themescamp.com/assets/img/icons/features/3.png]
[iteck-html.themescamp.com/assets/img/icons/features/4.png]
[iteck-html.themescamp.com/assets/img/icons/features/5.png]
[iteck-html.themescamp.com/assets/img/icons/features/6.png]
[iteck-html.themescamp.com/assets/img/icons/features/7.png]
[iteck-html.themescamp.com/assets/img/icons/features/8.png]
[iteck-html.themescamp.com/assets/img/icons/price_s5.png]
[iteck-html.themescamp.com/assets/img/logo_foot_home5.png]
[iteck-html.themescamp.com/home-saas-technology.html]
[iteck-html.themescamp.com/assets/img/logo_ll.png]
[iteck-html.themescamp.com/assets/img/header/header_2.png]
[iteck-html.themescamp.com/assets/img/icons/serv_icons/7.png]
[iteck-html.themescamp.com/assets/img/icons/serv_icons/8.png]
[iteck-html.themescamp.com/assets/img/icons/serv_icons/9.png]
[iteck-html.themescamp.com/assets/img/projects/1.png]
[iteck-html.themescamp.com/assets/img/choose_us/circles.png]
[iteck-html.themescamp.com/assets/img/icons/ch1.png]
[iteck-html.themescamp.com/assets/img/icons/ch2.png]
[iteck-html.themescamp.com/assets/img/icons/ch3.png]
[iteck-html.themescamp.com/assets/img/review/rev_l.png]
[iteck-html.themescamp.com/assets/img/review/rev_r.png]
[iteck-html.themescamp.com/assets/img/icons/pr1.png]
[iteck-html.themescamp.com/assets/img/icons/pr2.png]
[iteck-html.themescamp.com/assets/img/icons/pr3.png]
[iteck-html.themescamp.com/assets/img/pricing/shap_l.png]
[iteck-html.themescamp.com/assets/img/pricing/shap_r.png]
[iteck-html.themescamp.com/assets/img/blog/5.png]
[iteck-html.themescamp.com/assets/img/blog/6.png]
[iteck-html.themescamp.com/assets/img/blog/7.png]
[iteck-html.themescamp.com/assets/img/blog/8.png]
[iteck-html.themescamp.com/assets/img/global2.png]
[iteck-html.themescamp.com/home-it-solutions.html]
[iteck-html.themescamp.com/assets/img/shop/products/1.png]
[iteck-html.themescamp.com/assets/img/shop/products/2.png]
[iteck-html.themescamp.com/assets/img/shop/products/3.png]
[iteck-html.themescamp.com/assets/img/shop/products/4.png]
[iteck-html.themescamp.com/assets/img/shop/products/5.png]
[iteck-html.themescamp.com/assets/img/shop/products/6.png]
[iteck-html.themescamp.com/assets/img/shop/products/7.png]
[iteck-html.themescamp.com/assets/img/shop/products/8.png]
[iteck-html.themescamp.com/assets/img/shop/products/9.png]
[iteck-html.themescamp.com/assets/img/shop/products/10.png]
[iteck-html.themescamp.com/assets/img/shop/products/11.png]
[iteck-html.themescamp.com/assets/img/shop/products/12.png]
[iteck-html.themescamp.com/page-shop-5.html]
[iteck-html.themescamp.com/home-app-landing-onePage.html]
[iteck-html.themescamp.com/home-digital-agency-onePage.html]
[iteck-html.themescamp.com/home-marketing-startup-onePage.html]
[iteck-html.themescamp.com/home-saas-technology-onePage.html]
[iteck-html.themescamp.com/home-it-solutions-onePage.html]
[iteck-html.themescamp.com/page-shop-app.html]
[iteck-html.themescamp.com/assets/js/lib/slider-mob-touch.js]
[iteck-html.themescamp.com/assets/css/lib/bootstrap.rtl.min.css]
[iteck-html.themescamp.com/assets/css/rtl_style.css]
[iteck-html.themescamp.com/rtl-home-marketing-startup.html]
[iteck-html.themescamp.com/rtl-page-single-project.html]
[iteck-html.themescamp.com/assets/img/header/header_3.png]
[iteck-html.themescamp.com/assets/img/header/header_3_c.png]
[iteck-html.themescamp.com/assets/img/header/logo_sh_l.png]
[iteck-html.themescamp.com/assets/img/testimonials/testi3_lines.png]
[iteck-html.themescamp.com/assets/img/icons/serv_icons/10.png]
[iteck-html.themescamp.com/assets/img/icons/serv_icons/11.png]
[iteck-html.themescamp.com/assets/img/icons/serv_icons/12.png]
[iteck-html.themescamp.com/assets/img/icons/serv_icons/13.png]
[iteck-html.themescamp.com/assets/img/about/style_3_1.png]
[iteck-html.themescamp.com/assets/img/about/style_3_2.png]
[iteck-html.themescamp.com/assets/img/projects/3.png]
[iteck-html.themescamp.com/assets/img/logo_b2.png]
[iteck-html.themescamp.com/rtl-home-software-company.html]
[iteck-html.themescamp.com/rtl-home-app-landing-onePage.html]
[iteck-html.themescamp.com/rtl-home-marketing-startup-onePage.html]
[iteck-html.themescamp.com/rtl-page-shop.html]
[iteck-html.themescamp.com/assets/img/about/cl1.png]
[iteck-html.themescamp.com/assets/img/about/cl2.png]
[iteck-html.themescamp.com/assets/img/about/cl3.png]
[iteck-html.themescamp.com/page-about-app.html]
[iteck-html.themescamp.com/page-services-app.html]
[iteck-html.themescamp.com/assets/img/icons/mail3d.png]
[iteck-html.themescamp.com/assets/img/icons/map3d.png]
[iteck-html.themescamp.com/assets/img/icons/msg3d.png]
[iteck-html.themescamp.com/page-contact-app.html]
[iteck-html.themescamp.com/assets/img/shop/products/pr1.png]
[iteck-html.themescamp.com/assets/img/shop/products/pr2.png]
[iteck-html.themescamp.com/assets/img/shop/products/pr4.png]
[iteck-html.themescamp.com/assets/img/shop/products/pr5.png]
[iteck-html.themescamp.com/page-product-app.html]
[iteck-html.themescamp.com/assets/img/vid_banner5.png]
[iteck-html.themescamp.com/page-about-5.html]
[iteck-html.themescamp.com/page-services-5.html]
[iteck-html.themescamp.com/page-contact-5.html]
[iteck-html.themescamp.com/page-product-5.html]
[iteck-html.themescamp.com/rtl-page-about.html]
[iteck-html.themescamp.com/rtl-page-services.html]
[iteck-html.themescamp.com/rtl-page-contact.html]
[iteck-html.themescamp.com/rtl-page-product.html]
[iteck-html.themescamp.com/assets/img/blog/s_blog.png]
[iteck-html.themescamp.com/assets/img/blog/12.png]
[iteck-html.themescamp.com/page-blog-5.html]
[iteck-html.themescamp.com/page-blog-5-left-sidebar.html]
[iteck-html.themescamp.com/page-blog-5-wide.html]
[iteck-html.themescamp.com/page-blog-app.html]
[iteck-html.themescamp.com/page-blog-app-left-sidebar.html]
[iteck-html.themescamp.com/page-blog-app-wide.html]
[iteck-html.themescamp.com/rtl-page-blog.html]
[iteck-html.themescamp.com/assets/img/blog/13.png]
[iteck-html.themescamp.com/assets/img/blog/14.png]
[iteck-html.themescamp.com/page-single-post-5.html]
[iteck-html.themescamp.com/page-single-post-5-left-sidebar.html]
[iteck-html.themescamp.com/page-single-post-5-wide.html]
[iteck-html.themescamp.com/page-single-post-app.html]
[iteck-html.themescamp.com/page-single-post-app-left-sidebar.html]
[iteck-html.themescamp.com/page-single-post-app-wide.html]
[iteck-html.themescamp.com/rtl-page-single-post.html]
[iteck-html.themescamp.com/page-portfolio-5.html]
[iteck-html.themescamp.com/assets/js/lib/mixitup.min.js]
[iteck-html.themescamp.com/assets/img/single_project/2mobs.png]
[iteck-html.themescamp.com/assets/img/single_project/bubbls.png]
[iteck-html.themescamp.com/assets/img/single_project/circle.png]
[iteck-html.themescamp.com/assets/img/single_project/ch_1.png]
[iteck-html.themescamp.com/assets/img/single_project/ch_2.png]
[iteck-html.themescamp.com/page-single-project-5.html]
[iteck-html.themescamp.com/page-portfolio-app.html]
[iteck-html.themescamp.com/page-single-project-app.html]
[iteck-html.themescamp.com/rtl-page-single-project-html]
[iteck-html.themescamp.com/rtl-page-portfolio.html]
[iteck-html.themescamp.com/home-software-company.html]
[iteck-html.themescamp.com/assets/img/icons/4dots.png]
[iteck-html.themescamp.com/assets/img/icons/user.png]
[iteck-html.themescamp.com/assets/img/line_l.png]
[iteck-html.themescamp.com/assets/img/header/head_img7.png]
[iteck-html.themescamp.com/assets/img/header/head7_rock.png]
[iteck-html.themescamp.com/assets/img/logos/18.png]
[iteck-html.themescamp.com/assets/img/logos/19.png]
[iteck-html.themescamp.com/assets/img/logos/20.png]
[iteck-html.themescamp.com/assets/img/logos/21.png]
[iteck-html.themescamp.com/assets/img/header/head7_bg.png]
[iteck-html.themescamp.com/assets/img/line_r.png]
[iteck-html.themescamp.com/assets/img/about/about7.jpg]
[iteck-html.themescamp.com/assets/img/about/about7_lines.png]
[iteck-html.themescamp.com/assets/img/icons/serv_icons/21.png]
[iteck-html.themescamp.com/assets/img/icons/serv_icons/22.png]
[iteck-html.themescamp.com/assets/img/icons/serv_icons/23.png]
[iteck-html.themescamp.com/assets/img/icons/serv_icons/24.png]
[iteck-html.themescamp.com/assets/img/projects/8.png]
[iteck-html.themescamp.com/assets/img/projects/9.png]
[iteck-html.themescamp.com/assets/img/testimonials/banner7.png]
[iteck-html.themescamp.com/assets/img/testimonials/testi7_qout.png]
[iteck-html.themescamp.com/assets/img/choose_us/choose7.jpg]
[iteck-html.themescamp.com/assets/img/choose_us/icon1.png]
[iteck-html.themescamp.com/assets/img/choose_us/icon2.png]
[iteck-html.themescamp.com/assets/img/choose_us/choose7_circe.png]
[iteck-html.themescamp.com/assets/img/blog/15.png]
[iteck-html.themescamp.com/assets/img/blog/16.png]
[iteck-html.themescamp.com/assets/img/blog/17.png]
[iteck-html.themescamp.com/assets/img/shap_color_7.png]
[iteck-html.themescamp.com/assets/img/vector1.png]
[iteck-html.themescamp.com/assets/img/vector2.png]
[iteck-html.themescamp.com/home-it-solutions2.html]
[iteck-html.themescamp.com/assets/img/icons/4dots_light.png]
[iteck-html.themescamp.com/assets/img/logo_9.png]
[iteck-html.themescamp.com/assets/img/icons/cart_light.png]
[iteck-html.themescamp.com/assets/img/icons/user_light.png]
[iteck-html.themescamp.com/assets/img/header/header9.svg]
[iteck-html.themescamp.com/assets/img/icons/ab9_1.png]
[iteck-html.themescamp.com/assets/img/about/about9.svg]
[iteck-html.themescamp.com/assets/img/icons/ab9_2.png]
[iteck-html.themescamp.com/assets/img/icons/serv_icons/30.png]
[iteck-html.themescamp.com/assets/img/icons/serv_icons/31.png]
[iteck-html.themescamp.com/assets/img/icons/serv_icons/32.png]
[iteck-html.themescamp.com/assets/img/icons/serv_icons/33.png]
[iteck-html.themescamp.com/assets/img/chat_back9_icons.png]
[iteck-html.themescamp.com/assets/img/icons/features/9.svg]
[iteck-html.themescamp.com/assets/img/icons/features/10.svg]
[iteck-html.themescamp.com/assets/img/icons/features/11.svg]
[iteck-html.themescamp.com/assets/img/icons/features/12.svg]
[iteck-html.themescamp.com/assets/img/icons/features/13.svg]
[iteck-html.themescamp.com/assets/img/choose_us/choose9.png]
[iteck-html.themescamp.com/assets/img/choose_us/icon3.png]
[iteck-html.themescamp.com/assets/img/testimonials/trust_logo.png]
[iteck-html.themescamp.com/assets/img/testimonials/trust_star.png]
[iteck-html.themescamp.com/assets/img/icons/prt1.png]
[iteck-html.themescamp.com/assets/img/icons/prt2.png]
[iteck-html.themescamp.com/assets/img/logos/23.png]
[iteck-html.themescamp.com/assets/img/logos/24.png]
[iteck-html.themescamp.com/assets/img/logos/25.png]
[iteck-html.themescamp.com/assets/img/logos/26.png]
[iteck-html.themescamp.com/assets/img/logos/27.png]
[iteck-html.themescamp.com/home-cloud-hosting.html]
[iteck-html.themescamp.com/assets/img/logo_10.png]
[iteck-html.themescamp.com/assets/img/logos/28.png]
[iteck-html.themescamp.com/assets/img/header/header10_img.svg]
[iteck-html.themescamp.com/assets/img/logos/29.png]
[iteck-html.themescamp.com/assets/img/logos/30.png]
[iteck-html.themescamp.com/assets/img/logos/31.png]
[iteck-html.themescamp.com/assets/img/logos/32.png]
[iteck-html.themescamp.com/assets/img/logos/33.png]
[iteck-html.themescamp.com/assets/img/logos/34.png]
[iteck-html.themescamp.com/assets/img/icons/features/18.png]
[iteck-html.themescamp.com/assets/img/icons/features/19.png]
[iteck-html.themescamp.com/assets/img/icons/features/20.png]
[iteck-html.themescamp.com/assets/img/icons/features/21.png]
[iteck-html.themescamp.com/assets/img/about/about_10_1.jpg]
[iteck-html.themescamp.com/assets/img/about/about2_2.png]
[iteck-html.themescamp.com/assets/img/about/about_10_2.jpg]
[iteck-html.themescamp.com/assets/img/about/about_10_3.jpg]
[iteck-html.themescamp.com/assets/img/about/about10_pattern.png]
[iteck-html.themescamp.com/assets/img/icons/serv_icons/36.png]
[iteck-html.themescamp.com/assets/img/icons/serv_icons/37.png]
[iteck-html.themescamp.com/assets/img/icons/serv_icons/38.png]
[iteck-html.themescamp.com/assets/img/icons/serv_icons/39.png]
[iteck-html.themescamp.com/assets/img/icons/solution/2.png]
[iteck-html.themescamp.com/assets/img/icons/solution/4.png]
[iteck-html.themescamp.com/assets/img/icons/solution/5.png]
[iteck-html.themescamp.com/assets/img/icons/solution/6.png]
[iteck-html.themescamp.com/assets/img/icons/solution/7.png]
[iteck-html.themescamp.com/assets/img/icons/solution/8.png]
[iteck-html.themescamp.com/assets/img/icons/solution/9.png]
[iteck-html.themescamp.com/assets/img/icons/solution/10.png]
[iteck-html.themescamp.com/assets/img/icons/solution/11.png]
[iteck-html.themescamp.com/assets/img/pricing/money.png]
[iteck-html.themescamp.com/assets/img/integ/1.png]
[iteck-html.themescamp.com/assets/img/integ/2.png]
[iteck-html.themescamp.com/assets/img/integ/3.png]
[iteck-html.themescamp.com/assets/img/integ/4.png]
[iteck-html.themescamp.com/assets/img/integ/5.png]
[iteck-html.themescamp.com/assets/img/integ/6.png]
[iteck-html.themescamp.com/assets/img/integ/7.png]
[iteck-html.themescamp.com/assets/img/integ/8.png]
[iteck-html.themescamp.com/assets/img/integ/9.png]
[iteck-html.themescamp.com/assets/img/integ/10.png]
[iteck-html.themescamp.com/assets/img/team/1.png]
[iteck-html.themescamp.com/assets/img/team/2.png]
[iteck-html.themescamp.com/assets/img/team/3.png]
[iteck-html.themescamp.com/assets/img/footer/footer_10_pattern.png]
[iteck-html.themescamp.com/home-cyber-security.html]
[iteck-html.themescamp.com/assets/img/logo_11.png]
[iteck-html.themescamp.com/assets/img/header/header_11_img.png]
[iteck-html.themescamp.com/assets/img/choose_us/1.svg]
[iteck-html.themescamp.com/assets/img/choose_us/2.svg]
[iteck-html.themescamp.com/assets/img/choose_us/3.svg]
[iteck-html.themescamp.com/assets/img/choose_us/4.png]
[iteck-html.themescamp.com/assets/img/choose_us/5.png]
[iteck-html.themescamp.com/assets/img/pattern_signUp.png]
[iteck-html.themescamp.com/assets/img/icons/social/massenger.png]
[iteck-html.themescamp.com/assets/img/icons/social/line.png]
[iteck-html.themescamp.com/assets/img/icons/social/skype.png]
[iteck-html.themescamp.com/assets/img/icons/social/twitter.png]
[iteck-html.themescamp.com/assets/img/icons/social/wechat.png]
[iteck-html.themescamp.com/assets/img/icons/social/whatsapp.png]
[iteck-html.themescamp.com/assets/img/screenshots/6.png]
[iteck-html.themescamp.com/assets/img/icons/features/22.png]
[iteck-html.themescamp.com/assets/img/icons/features/23.png]
[iteck-html.themescamp.com/assets/img/icons/features/25.png]
[iteck-html.themescamp.com/assets/img/icons/features/26.png]
[iteck-html.themescamp.com/assets/img/feat_11_pattern.png]
[iteck-html.themescamp.com/assets/img/logo_11_icon.png]
[iteck-html.themescamp.com/assets/img/integ/11.png]
[iteck-html.themescamp.com/assets/img/integ/12.png]
[iteck-html.themescamp.com/assets/img/integ/13.png]
[iteck-html.themescamp.com/assets/img/integ/14.png]
[iteck-html.themescamp.com/assets/img/integ/15.png]
[iteck-html.themescamp.com/assets/img/integ/16.png]
[iteck-html.themescamp.com/assets/img/integ_11_pattern.png]
[iteck-html.themescamp.com/assets/img/feat_9_img.png]
[iteck-html.themescamp.com/assets/img/testimonials/1.jpg]
[iteck-html.themescamp.com/assets/img/testimonials/logo1.png]
[iteck-html.themescamp.com/assets/img/logos/35.png]
[iteck-html.themescamp.com/assets/img/logos/36.png]
[iteck-html.themescamp.com/assets/img/logos/37.png]
[iteck-html.themescamp.com/assets/img/logos/38.png]
[iteck-html.themescamp.com/home-help-desk.html]
[iteck-html.themescamp.com/assets/img/logo_12.png]
[iteck-html.themescamp.com/assets/img/icons/star2.png]
[iteck-html.themescamp.com/assets/img/header/header_12_2.png]
[iteck-html.themescamp.com/assets/img/icons/star3.png]
[iteck-html.themescamp.com/assets/img/header/header_12_linearrow.png]
[iteck-html.themescamp.com/assets/img/header/header_12_3.png]
[iteck-html.themescamp.com/assets/img/projects/nf1.png]
[iteck-html.themescamp.com/assets/img/projects/nf2.png]
[iteck-html.themescamp.com/assets/img/projects/nf3.png]
[iteck-html.themescamp.com/assets/img/projects/nf4.png]
[iteck-html.themescamp.com/assets/img/projects/nf5.png]
[iteck-html.themescamp.com/assets/img/projects/nf6.png]
[iteck-html.themescamp.com/assets/img/projects/nf7.png]
[iteck-html.themescamp.com/assets/img/projects/nf8.png]
[iteck-html.themescamp.com/assets/img/icons/features/27.png]
[iteck-html.themescamp.com/assets/img/icons/1.png]
[iteck-html.themescamp.com/assets/img/icons/2.png]
[iteck-html.themescamp.com/assets/img/icons/3.png]
[iteck-html.themescamp.com/assets/img/icons/4.png]
[iteck-html.themescamp.com/assets/img/collections/1.jpg]
[iteck-html.themescamp.com/assets/img/collections/16.jpg]
[iteck-html.themescamp.com/assets/img/collections/2.jpg]
[iteck-html.themescamp.com/assets/img/collections/3.jpg]
[iteck-html.themescamp.com/assets/img/collections/4.jpg]
[iteck-html.themescamp.com/assets/img/collections/5.jpg]
[iteck-html.themescamp.com/assets/img/collections/6.jpg]
[iteck-html.themescamp.com/assets/img/collections/7.jpg]
[iteck-html.themescamp.com/assets/img/collections/8.jpg]
[iteck-html.themescamp.com/assets/img/collections/9.jpg]
[iteck-html.themescamp.com/assets/img/collections/10.jpg]
[iteck-html.themescamp.com/assets/img/collections/11.jpg]
[iteck-html.themescamp.com/assets/img/collections/12.jpg]
[iteck-html.themescamp.com/assets/img/collections/13.jpg]
[iteck-html.themescamp.com/assets/img/collections/14.jpg]
[iteck-html.themescamp.com/assets/img/collections/15.jpg]
[iteck-html.themescamp.com/home-nft-marketplace.html]
[iteck-html.themescamp.com/assets/img/logo_13.png]
[iteck-html.themescamp.com/assets/img/header/head_13_hero.png]
[iteck-html.themescamp.com/assets/img/about/logo1.png]
[iteck-html.themescamp.com/assets/img/about/logo2.png]
[iteck-html.themescamp.com/assets/img/about/logo3.png]
[iteck-html.themescamp.com/assets/img/icons/ab_13_1.png]
[iteck-html.themescamp.com/assets/img/icons/ab_13_2.png]
[iteck-html.themescamp.com/assets/img/icons/ab_13_3.png]
[iteck-html.themescamp.com/assets/img/icons/serv_icons/40.png]
[iteck-html.themescamp.com/assets/img/services/pattern1.png]
[iteck-html.themescamp.com/assets/img/icons/serv_icons/41.png]
[iteck-html.themescamp.com/assets/img/icons/serv_icons/42.png]
[iteck-html.themescamp.com/assets/img/projects/11.png]
[iteck-html.themescamp.com/assets/img/logos/39.png]
[iteck-html.themescamp.com/assets/img/projects/12.png]
[iteck-html.themescamp.com/assets/img/projects/13.png]
[iteck-html.themescamp.com/assets/img/projects/14.png]
[iteck-html.themescamp.com/assets/img/logos/40.png]
[iteck-html.themescamp.com/assets/img/logos/41.png]
[iteck-html.themescamp.com/assets/img/logos/42.png]
[iteck-html.themescamp.com/assets/img/logos/43.png]
[iteck-html.themescamp.com/assets/img/logos/44.png]
[iteck-html.themescamp.com/assets/img/testimonials/testi_13_icon.png]
[iteck-html.themescamp.com/home-freelance-personal.html]
[iteck-html.themescamp.com/assets/img/logo_14.png]
[iteck-html.themescamp.com/assets/img/header/head_14_btn_apple.png]
[iteck-html.themescamp.com/assets/img/header/head_14_btn_android.png]
[iteck-html.themescamp.com/assets/img/header/header_14_img.png]
[iteck-html.themescamp.com/assets/img/logos/46.png]
[iteck-html.themescamp.com/assets/img/logos/47.png]
[iteck-html.themescamp.com/assets/img/logos/48.png]
[iteck-html.themescamp.com/assets/img/logos/49.png]
[iteck-html.themescamp.com/assets/img/icons/pay1.svg]
[iteck-html.themescamp.com/assets/img/services/feat14_img1.png]
[iteck-html.themescamp.com/assets/img/icons/ch9.svg]
[iteck-html.themescamp.com/assets/img/icons/ch10.svg]
[iteck-html.themescamp.com/assets/img/icons/ch11.svg]
[iteck-html.themescamp.com/assets/img/icons/ch12.svg]
[iteck-html.themescamp.com/assets/img/screenshots/7.png]
[iteck-html.themescamp.com/assets/img/screenshots/8.png]
[iteck-html.themescamp.com/assets/img/screenshots/9.png]
[iteck-html.themescamp.com/assets/img/screenshots/10.png]
[iteck-html.themescamp.com/assets/img/screenshots/11.png]
[iteck-html.themescamp.com/assets/img/screenshots/12.png]
[iteck-html.themescamp.com/assets/img/icons/numbers/num1.svg]
[iteck-html.themescamp.com/assets/img/icons/numbers/num2.svg]
[iteck-html.themescamp.com/assets/img/icons/numbers/num3.svg]
[iteck-html.themescamp.com/assets/img/icons/numbers/num4.svg]
[iteck-html.themescamp.com/assets/img/about/about_14_1.png]
[iteck-html.themescamp.com/assets/img/contact_14_back.png]
[iteck-html.themescamp.com/assets/img/team/4.png]
[iteck-html.themescamp.com/assets/img/icons/testi_s14_ic2.png]
[iteck-html.themescamp.com/assets/img/team/5-2.jpg]
[iteck-html.themescamp.com/assets/img/icons/testi_s14_ic3.png]
[iteck-html.themescamp.com/assets/img/team/6.jpg]
[iteck-html.themescamp.com/assets/img/icons/testi_s14_ic4.png]
[iteck-html.themescamp.com/assets/img/team/7.jpg]
[iteck-html.themescamp.com/assets/img/blog/22.jpg]
[iteck-html.themescamp.com/assets/img/blog/23.jpg]
[iteck-html.themescamp.com/assets/img/blog/24.jpg]
[iteck-html.themescamp.com/assets/img/icons/pay5.svg]
[iteck-html.themescamp.com/assets/img/icons/pay2.svg]
[iteck-html.themescamp.com/assets/img/icons/pay3.svg]
[iteck-html.themescamp.com/home-payment-solutions.html]
[iteck-html.themescamp.com/assets/img/icons/pay4.svg]
[iteck-html.themescamp.com/assets/img/logo_15.png]
[iteck-html.themescamp.com/assets/img/icons/home_15_icon.png]
[iteck-html.themescamp.com/assets/img/header/head_15_img.svg]
[iteck-html.themescamp.com/assets/img/logos/50.png]
[iteck-html.themescamp.com/assets/img/logos/51.png]
[iteck-html.themescamp.com/assets/img/logos/52.png]
[iteck-html.themescamp.com/assets/img/logos/53.png]
[iteck-html.themescamp.com/assets/img/icons/features/28.png]
[iteck-html.themescamp.com/assets/img/icons/features/29.png]
[iteck-html.themescamp.com/assets/img/icons/features/30.png]
[iteck-html.themescamp.com/assets/img/about/about_15_img.svg]
[iteck-html.themescamp.com/assets/img/icons/payment/1.png]
[iteck-html.themescamp.com/assets/img/icons/line_chart.png]
[iteck-html.themescamp.com/assets/img/icons/payment/2.png]
[iteck-html.themescamp.com/assets/img/icons/payment/3.png]
[iteck-html.themescamp.com/assets/img/icons/payment/4.png]
[iteck-html.themescamp.com/assets/img/icons/payment/5.png]
[iteck-html.themescamp.com/assets/img/icons/payment/6.png]
[iteck-html.themescamp.com/assets/img/icons/tl1.png]
[iteck-html.themescamp.com/assets/img/icons/tl2.png]
[iteck-html.themescamp.com/assets/img/icons/tl3.png]
[iteck-html.themescamp.com/assets/img/icons/tl4.png]
[iteck-html.themescamp.com/assets/img/team/8.jpg]
[iteck-html.themescamp.com/assets/img/team/9.jpg]
[iteck-html.themescamp.com/assets/img/team/10.jpg]
[iteck-html.themescamp.com/assets/img/icons/faq_15_icon.png]
[iteck-html.themescamp.com/assets/img/icons/ch10.png]
[iteck-html.themescamp.com/assets/img/subs_arrow.png]
[iteck-html.themescamp.com/assets/img/blog/25.jpg]
[iteck-html.themescamp.com/assets/img/icons/blog_15_icon.png]
[iteck-html.themescamp.com/assets/img/blog/26.jpg]
[iteck-html.themescamp.com/assets/img/foot_15_down1.png]
[iteck-html.themescamp.com/assets/img/foot_15_down2.png]
[iteck-html.themescamp.com/home-crypto.html]
[iteck-html.themescamp.com/home-shop-modern.html]
[iteck-html.themescamp.com/assets/img/about/about2.png]
[iteck-html.themescamp.com/assets/img/about/about2_pattern_l.png]
[iteck-html.themescamp.com/assets/img/about/about2_pattern_r.png]
[iteck-html.themescamp.com/assets/img/about/about2_1.png]
[iteck-html.themescamp.com/assets/img/about/about2_3.png]
[iteck-html.themescamp.com/page-about-2.html]
[iteck-html.themescamp.com/assets/img/services/services2.png]
[iteck-html.themescamp.com/assets/img/icons/serv_icons/34.png]
[iteck-html.themescamp.com/assets/img/icons/serv_icons/35.png]
[iteck-html.themescamp.com/assets/img/testimonials/qout.png]
[iteck-html.themescamp.com/assets/img/mob1.png]
[iteck-html.themescamp.com/page-services-details-5.html]
[iteck-html.themescamp.com/assets/img/icons/features/14.png]
[iteck-html.themescamp.com/assets/img/icons/features/15.png]
[iteck-html.themescamp.com/assets/img/icons/features/16.png]
[iteck-html.themescamp.com/assets/img/icons/features/17.png]
[iteck-html.themescamp.com/assets/img/careers/1.png]
[iteck-html.themescamp.com/assets/img/careers/2.png]
[iteck-html.themescamp.com/assets/img/careers/3.png]
[iteck-html.themescamp.com/assets/img/careers/4.png]
[iteck-html.themescamp.com/assets/img/careers/5.png]
[iteck-html.themescamp.com/assets/img/careers/6.png]
[iteck-html.themescamp.com/assets/img/careers/7.png]
[iteck-html.themescamp.com/assets/img/careers/8.png]
[iteck-html.themescamp.com/assets/img/careers/map.png]
[iteck-html.themescamp.com/page-careers-5.html]
[iteck-html.themescamp.com/page-career-details.html]
[iteck-html.themescamp.com/assets/img/icons/users.png]
[iteck-html.themescamp.com/assets/img/icons/protect.png]
[iteck-html.themescamp.com/assets/img/icons/dollar.png]
[iteck-html.themescamp.com/assets/img/icons/24hour.png]
[iteck-html.themescamp.com/page-faq-5.html]
[iteck-html.themescamp.com/assets/img/login/1.png]
[iteck-html.themescamp.com/assets/img/login/2.jpg]
[iteck-html.themescamp.com/assets/img/login/3.png]
[iteck-html.themescamp.com/page-sign-in.html]
[iteck-html.themescamp.com/assets/img/comming_man_shape.png]
[iteck-html.themescamp.com/assets/img/comming_chat_shape.png]
[iteck-html.themescamp.com/page-comming-soon-5.html]
[iteck-html.themescamp.com/assets/img/404_1.png]
[iteck-html.themescamp.com/page-404.html]
[iteck-html.themescamp.com/assets/fonts/webfonts/fa-brands-400.svg]
[iteck-html.themescamp.com/assets/fonts/webfonts/fa-brands-400d41d.eot]
[iteck-html.themescamp.com/assets/fonts/webfonts/fa-duotone-900.svg]
[iteck-html.themescamp.com/assets/fonts/webfonts/fa-light-300.svg]
[iteck-html.themescamp.com/assets/fonts/webfonts/fa-regular-400.svg]
[iteck-html.themescamp.com/assets/fonts/webfonts/fa-solid-900.svg]
[iteck-html.themescamp.com/assets/img/icons/toggle_dot.svg]
[iteck-html.themescamp.com/assets/img/header/header8_pattern.svg]
[iteck-html.themescamp.com/index-2.html]
[iteck-html.themescamp.com/assets/img/about/about_s4_bubble.png]
[iteck-html.themescamp.com/assets/img/contact_globe.svg]
[iteck-html.themescamp.com/assets/img/ser_wh_line.png]
[iteck-html.themescamp.com/assets/img/pricing/off.png]
[iteck-html.themescamp.com/assets/img/icons/chrome_icon.png]
[iteck-html.themescamp.com/assets/css/lib/images/ui-icons_444444_256x240.png]
[iteck-html.themescamp.com/assets/css/lib/images/ui-icons_555555_256x240.png]
[iteck-html.themescamp.com/assets/css/lib/images/ui-icons_ffffff_256x240.png]
[iteck-html.themescamp.com/assets/css/lib/images/ui-icons_777620_256x240.png]
[iteck-html.themescamp.com/assets/css/lib/images/ui-icons_cc0000_256x240.png]
[iteck-html.themescamp.com/assets/css/lib/images/ui-icons_777777_256x240.png]
[iteck-html.themescamp.com/assets/css/lib/jquery-ui.min.css]
[iteck-html.themescamp.com/assets/img/header/3d_vector_head8.svg]
[iteck-html.themescamp.com/assets/img/about/3d_vector2.svg]
[iteck-html.themescamp.com/assets/img/about/icon3.svg]
[iteck-html.themescamp.com/assets/img/about/signature.svg]
[iteck-html.themescamp.com/assets/img/icons/ch7.svg]
[iteck-html.themescamp.com/assets/img/icons/ch8.svg]
[iteck-html.themescamp.com/assets/img/choose_us/3d_vector1.svg]
[iteck-html.themescamp.com/assets/img/choose_us/choose_lines.svg]
[iteck-html.themescamp.com/assets/img/header/head6_rating.png]
[iteck-html.themescamp.com/assets/img/icons/contact_a.png]
[iteck-html.themescamp.com/twiter.html]
[iteck-html.themescamp.com/facebook.html]
[iteck-html.themescamp.com/instagram.html]
[iteck-html.themescamp.com/assets/css/lib/bootstrap.rtl.min.css]
[iteck-html.themescamp.com/assets/css/rtl_style.css]
[iteck-html.themescamp.com/rtl-page-single-project.html]
[iteck-html.themescamp.com/assets/img/projects/2.png]
[iteck-html.themescamp.com/rtl-page-single-project-html.html]
[iteck-html.themescamp.com/assets/img/testimonials/testi7_back.png]
[iteck-html.themescamp.com/assets/img/header/header9.svg]
[iteck-html.themescamp.com/assets/img/about/about9.svg]
[iteck-html.themescamp.com/assets/img/icons/features/9.svg]
[iteck-html.themescamp.com/assets/img/icons/features/10.svg]
[iteck-html.themescamp.com/assets/img/icons/features/11.svg]
[iteck-html.themescamp.com/assets/img/icons/features/12.svg]
[iteck-html.themescamp.com/assets/img/icons/features/13.svg]
[iteck-html.themescamp.com/assets/img/header/head_shape_l.png]
[iteck-html.themescamp.com/assets/img/logos/7.png]
[iteck-html.themescamp.com/assets/img/header/header10_img.svg]
[iteck-html.themescamp.com/assets/img/choose_us/1.svg]
[iteck-html.themescamp.com/assets/img/choose_us/2.svg]
[iteck-html.themescamp.com/assets/img/choose_us/3.svg]
[iteck-html.themescamp.com/assets/img/blog/v_lines.png]
[iteck-html.themescamp.com/assets/img/icons/pay1.svg]
[iteck-html.themescamp.com/assets/img/icons/ch9.svg]
[iteck-html.themescamp.com/assets/img/icons/ch10.svg]
[iteck-html.themescamp.com/assets/img/icons/ch11.svg]
[iteck-html.themescamp.com/assets/img/icons/ch12.svg]
[iteck-html.themescamp.com/assets/img/icons/numbers/num1.svg]
[iteck-html.themescamp.com/assets/img/icons/numbers/num2.svg]
[iteck-html.themescamp.com/assets/img/icons/numbers/num3.svg]
[iteck-html.themescamp.com/assets/img/icons/numbers/num4.svg]
[iteck-html.themescamp.com/assets/img/blog/18.png]
[iteck-html.themescamp.com/assets/img/icons/pay5.svg]
[iteck-html.themescamp.com/assets/img/icons/pay2.svg]
[iteck-html.themescamp.com/assets/img/icons/pay3.svg]
[iteck-html.themescamp.com/assets/img/icons/pay4.svg]
[iteck-html.themescamp.com/assets/img/header/head_15_img.svg]
[iteck-html.themescamp.com/assets/img/about/about_15_img.svg]
[iteck-html.themescamp.com/assets/img/icons/features/24.png]
[iteck-html.themescamp.com/assets/img/header/header_12_1.png]
[iteck-html.themescamp.com/assets/img/team/11.jpg]
[iteck-html.themescamp.com/assets/img/comming_light_shape.png]
[iteck-html.themescamp.com/assets/img/icons/testi_s14_ic1.png]
[iteck-html.themescamp.com/assets/css/lib/images/ui-icons_444444_256x240.html]
[iteck-html.themescamp.com/assets/css/lib/images/ui-icons_555555_256x240.html]
[iteck-html.themescamp.com/assets/css/lib/images/ui-icons_ffffff_256x240.html]
[iteck-html.themescamp.com/assets/css/lib/images/ui-icons_777620_256x240.html]
[iteck-html.themescamp.com/assets/css/lib/images/ui-icons_cc0000_256x240.html]
[iteck-html.themescamp.com/assets/css/lib/images/ui-icons_777777_256x240.html]
[iteck-html.themescamp.com/assets/img/icons/rocket.png]
[iteck-html.themescamp.com/assets/img/icons/solution/3.png]
[iteck-html.themescamp.com/assets/img/icons/solution/1.png]
[iteck-html.themescamp.com/assets/img/logos/45.png]
